../Core/Inc/roboclaw/roboclaw.c:4:13:crc_clear	16	static
../Core/Inc/roboclaw/roboclaw.c:9:13:crc_update	24	static
../Core/Inc/roboclaw/roboclaw.c:22:17:crc_get	16	static
../Core/Inc/roboclaw/roboclaw.c:27:26:write	16	static
../Core/Inc/roboclaw/roboclaw.c:32:16:read	16	static
../Core/Inc/roboclaw/roboclaw.c:38:14:write_n	36	static
../Core/Inc/roboclaw/roboclaw.c:66:26:read_n	24	static
../Core/Inc/roboclaw/roboclaw.c:71:17:Read4_1	40	static
../Core/Inc/roboclaw/roboclaw.c:137:17:Read4	40	static
../Core/Inc/roboclaw/roboclaw.c:197:17:Read2	32	static
../Core/Inc/roboclaw/roboclaw.c:245:16:Read1	32	static
../Core/Inc/roboclaw/roboclaw.c:289:19:roboclaw_begin	24	static
../Core/Inc/roboclaw/roboclaw.c:300:19:roboclaw_ForwardM1	16	static
../Core/Inc/roboclaw/roboclaw.c:304:19:roboclaw_ForwardM2	16	static
../Core/Inc/roboclaw/roboclaw.c:308:19:roboclaw_BackwardM1	16	static
../Core/Inc/roboclaw/roboclaw.c:312:19:roboclaw_BackwardM2	16	static
../Core/Inc/roboclaw/roboclaw.c:316:19:roboclaw_ForwardBackwardM1	16	static
../Core/Inc/roboclaw/roboclaw.c:320:19:roboclaw_ForwardBackwardM2	16	static
